<?xml version="1.0" encoding="utf-8"?>
<TestRun id="00000000-0000-4000-8000-000000000003" name="M1 exact projections and collisions" xmlns="http://microsoft.com/schemas/VisualStudio/TeamTest/2010">
  <Results>
    <UnitTestResult executionId="00000001-0000-4000-8000-000000000001" testId="aaaaaaa1-aaaa-4aaa-8aaa-aaaaaaaaaaa1" testName="exact locked projections and correlations" outcome="Passed" />
    <UnitTestResult executionId="00000002-0000-4000-8000-000000000002" testId="aaaaaaa2-aaaa-4aaa-8aaa-aaaaaaaaaaa2" testName="maintained binding locked restore" outcome="Passed" />
    <UnitTestResult executionId="00000003-0000-4000-8000-000000000003" testId="aaaaaaa3-aaaa-4aaa-8aaa-aaaaaaaaaaa3" testName="maintained binding compile" outcome="Passed" />
    <UnitTestResult executionId="00000004-0000-4000-8000-000000000004" testId="aaaaaaa4-aaaa-4aaa-8aaa-aaaaaaaaaaa4" testName="Fable compile exact consumer surface" outcome="Passed" />
    <UnitTestResult executionId="00000005-0000-4000-8000-000000000005" testId="aaaaaaa5-aaaa-4aaa-8aaa-aaaaaaaaaaa5" testName="emitted deep-import and type-only boundary" outcome="Passed" />
    <UnitTestResult executionId="00000006-0000-4000-8000-000000000006" testId="aaaaaaa6-aaaa-4aaa-8aaa-aaaaaaaaaaa6" testName="Node runtime smoke" outcome="Passed" />
    <UnitTestResult executionId="00000007-0000-4000-8000-000000000007" testId="aaaaaaa7-aaaa-4aaa-8aaa-aaaaaaaaaaa7" testName="clean packed Fable consumer" outcome="Passed" />
    <UnitTestResult executionId="00000008-0000-4000-8000-000000000008" testId="aaaaaaa8-aaaa-4aaa-8aaa-aaaaaaaaaaa8" testName="exact coverage totals" outcome="Passed" />
    <UnitTestResult executionId="00000009-0000-4000-8000-000000000009" testId="aaaaaaa9-aaaa-4aaa-8aaa-aaaaaaaaaaa9" testName="locked declaration drift" outcome="Passed" />
    <UnitTestResult executionId="00000010-0000-4000-8000-000000000010" testId="aaaaaa10-aaaa-4aaa-8aaa-aaaaaaaaaa10" testName="maintained recursive projection" outcome="Passed" />
    <UnitTestResult executionId="00000011-0000-4000-8000-000000000011" testId="aaaaaa11-aaaa-4aaa-8aaa-aaaaaaaaaa11" testName="analysis report determinism" outcome="Passed" />
    <UnitTestResult executionId="00000012-0000-4000-8000-000000000012" testId="aaaaaa12-aaaa-4aaa-8aaa-aaaaaaaaaa12" testName="analysis report currency" outcome="Passed" />
  </Results>
  <ResultSummary outcome="Completed">
    <Counters total="12" executed="12" passed="12" failed="0" error="0" timeout="0" aborted="0" inconclusive="0" notExecuted="0" />
  </ResultSummary>
</TestRun>
